K=2: U   n_1   n_tail(W=0.5t)  n_tail(W=1t)  W_glass  W_c^(3)
  1.38  0.003   0.0014   0.0230   0.59   2.10
  1.40  0.015   0.0014   0.0229   0.92   2.10
  1.45  0.052   0.0015   0.0240   1.20   2.08
  1.50  0.090   0.0017   0.0263   1.37   2.05
  1.60  0.167   0.0022   0.0325   1.58   1.97
  1.70  0.245   0.0028   0.0401   1.66   1.88
  1.80  0.327   0.0035   0.0486   1.66   1.78
  1.90  0.416   0.0042   0.0599   1.59   1.69
  2.00  0.514   0.0050   0.0737   1.52   1.60
  2.50  1.000   0.0135   0.1969   nan   1.20
  3.00  1.000   0.0462   1.0000   nan   0.90
  4.00  1.000   0.2780   1.0000   nan   0.55
K=3: U   n_1   n_tail(W=0.5t)  n_tail(W=1t)  W_glass  W_c^(3)
  2.17  0.004   0.0003   0.0028   1.08   2.61
  2.20  0.030   0.0004   0.0031   1.62   2.58
  2.30  0.144   0.0004   0.0042   2.08   2.46
  2.40  0.271   0.0004   0.0055   2.07   2.33
  2.50  0.405   0.0004   0.0070   2.01   2.21
  2.60  0.553   0.0005   0.0085   1.95   2.08
  2.70  0.722   0.0005   0.0112   1.89   1.97
  3.00  1.000   0.0009   0.0245   nan   1.66
  3.50  1.000   0.0034   0.1096   nan   1.27
  4.00  1.000   0.0103   1.0000   nan   1.00
  5.00  1.000   0.0992   1.0000   nan   0.65
