K=2: single-particle W_c = 17.39 t (book, (3,0))
   U      t3     s3    W_c^(3)   t2     s2    W_c^(2)  | tail width at W = 0.3t (trimer units of t): E_c - bottom
  1.38  0.163  1.357   2.095   0.006  1.004   0.102  |  W'=  2.49  tail=-0.0935
  1.40  0.169  1.399   2.097   0.006  1.005   0.102  |  W'=  2.49  tail=-0.0964
  1.45  0.179  1.493   2.081   0.007  1.013   0.123  |  W'=  2.51  tail=-0.1031
  1.50  0.185  1.574   2.049   0.013  1.027   0.217  |  W'=  2.55  tail=-0.1091
  1.60  0.194  1.712   1.967   0.038  1.059   0.619  |  W'=  2.65  tail=-0.1199
  1.70  0.197  1.829   1.876   0.080  1.090   1.284  |  W'=  2.78  tail=-0.1295
  1.80  0.198  1.931   1.782   0.142  1.120   2.204  |  W'=  2.93  tail=-0.1382
  1.90  0.196  2.022   1.689   0.231  1.150   3.498  |  W'=  3.09  tail=-0.1464
  2.00  0.193  2.103   1.598   0.275  1.178   4.057  |  W'=  3.26  tail=-0.1540
  2.50  0.166  2.405   1.199   0.327  1.307   4.348  |  W'=  4.35  tail=-0.1850
  3.00  0.135  2.591   0.904   0.335  1.412   4.131  |  W'=  5.77  tail=-0.2055
  4.00  0.087  2.784   0.546   0.320  1.570   3.547  |  W'=  9.56  tail=-0.2100
K=3: single-particle W_c = 32.26 t (book, (4,0))
   U      t3     s3    W_c^(3)   t2     s2    W_c^(2)  | tail width at W = 0.3t (trimer units of t): E_c - bottom
  2.17  0.137  1.689   2.614   0.002  1.001   0.053  |  W'=  3.70  tail=-0.1225
  2.20  0.139  1.739   2.584   0.002  1.002   0.053  |  W'=  3.75  tail=-0.1267
  2.30  0.143  1.877   2.462   0.002  1.006   0.053  |  W'=  3.93  tail=-0.1393
  2.40  0.144  1.988   2.333   0.004  1.029   0.130  |  W'=  4.15  tail=-0.1505
  2.50  0.142  2.082   2.206   0.012  1.061   0.379  |  W'=  4.39  tail=-0.1606
  2.60  0.140  2.164   2.084   0.026  1.092   0.783  |  W'=  4.64  tail=-0.1702
  2.70  0.136  2.234   1.969   0.046  1.122   1.324  |  W'=  4.91  tail=-0.1792
  3.00  0.124  2.402   1.664   0.136  1.205   3.638  |  W'=  5.82  tail=-0.2026
  3.50  0.102  2.584   1.274   0.263  1.324   6.412  |  W'=  7.60  tail=-0.2336
  4.00  0.083  2.697   0.997   0.277  1.422   6.274  |  W'=  9.71  tail=-0.2565
  5.00  0.057  2.822   0.651   0.270  1.568   5.557  |  W'= 14.87  tail=+nan
