K=3 W=0.5ec U=0.3U2: f_B=0.000 <r90>=nan radii={}  S=0.000 | compact f=0.000 S_c=0.000  (0s)
K=3 W=0.5ec U=0.4U2: f_B=0.000 <r90>=nan radii={}  S=0.000 | compact f=0.000 S_c=0.000  (0s)
K=3 W=0.5ec U=0.5U2: f_B=0.000 <r90>=nan radii={}  S=0.000 | compact f=0.000 S_c=0.000  (0s)
K=3 W=0.5ec U=0.6U2: f_B=0.000 <r90>=nan radii={}  S=0.000 | compact f=0.000 S_c=0.000  (0s)
K=3 W=0.5ec U=0.7U2: f_B=0.500 <r90>=4.97 radii={3: np.float64(0.1585), 4: np.float64(0.185), 5: np.float64(0.181), 6: np.float64(0.4755)}  S=1.000 | compact f=0.079 S_c=1.000  (0s)
K=3 W=0.5ec U=0.8U2: f_B=0.500 <r90>=3.46 radii={2: np.float64(0.158), 3: np.float64(0.229), 4: np.float64(0.613)}  S=1.000 | compact f=0.193 S_c=1.000  (0s)
K=3 W=0.5ec U=0.9U2: f_B=0.500 <r90>=2.55 radii={1: np.float64(0.03), 2: np.float64(0.3925), 3: np.float64(0.5775)}  S=1.000 | compact f=0.500 S_c=1.000  (0s)
K=3 W=0.5ec U=1.0U2: f_B=0.000 <r90>=nan radii={}  S=0.000 | compact f=0.000 S_c=0.000  (0s)
K=3 W=1.0ec U=0.3U2: f_B=0.000 <r90>=nan radii={}  S=0.000 | compact f=0.000 S_c=0.000  (0s)
K=3 W=1.0ec U=0.4U2: f_B=0.000 <r90>=nan radii={}  S=0.000 | compact f=0.000 S_c=0.000  (0s)
K=3 W=1.0ec U=0.5U2: f_B=0.000 <r90>=nan radii={}  S=0.000 | compact f=0.000 S_c=0.000  (0s)
K=3 W=1.0ec U=0.6U2: f_B=0.195 <r90>=2.00 radii={2: np.float64(1.0)}  S=1.000 | compact f=0.195 S_c=1.000  (0s)
K=3 W=1.0ec U=0.7U2: f_B=0.500 <r90>=3.28 radii={1: np.float64(0.2195), 2: np.float64(0.2675), 3: np.float64(0.0925), 4: np.float64(0.0925), 5: np.float64(0.0905), 6: np.float64(0.2375)}  S=1.000 | compact f=0.290 S_c=1.000  (0s)
K=3 W=1.0ec U=0.8U2: f_B=0.500 <r90>=2.26 radii={1: np.float64(0.466), 2: np.float64(0.113), 3: np.float64(0.1145), 4: np.float64(0.3065)}  S=1.000 | compact f=0.347 S_c=1.000  (0s)
K=3 W=1.0ec U=0.9U2: f_B=0.456 <r90>=1.85 radii={1: np.float64(0.4687842278203724), 2: np.float64(0.21522453450164294), 3: np.float64(0.31599123767798465)}  S=1.000 | compact f=0.456 S_c=1.000  (0s)
K=3 W=1.0ec U=1.0U2: f_B=0.000 <r90>=nan radii={}  S=0.000 | compact f=0.000 S_c=0.000  (0s)
K=3 W=2.0ec U=0.3U2: f_B=0.060 <r90>=4.64 radii={3: np.float64(0.0743801652892562), 4: np.float64(0.2066115702479339), 5: np.float64(0.71900826446281)}  S=1.000 | compact f=0.004 S_c=1.000  (0s)
K=3 W=2.0ec U=0.4U2: f_B=0.110 <r90>=2.77 radii={2: np.float64(0.22850678733031674), 3: np.float64(0.7714932126696833)}  S=1.000 | compact f=0.110 S_c=1.000  (0s)
K=3 W=2.0ec U=0.5U2: f_B=0.170 <r90>=2.42 radii={1: np.float64(0.042709867452135494), 2: np.float64(0.4992636229749632), 3: np.float64(0.4580265095729013)}  S=1.000 | compact f=0.170 S_c=1.000  (0s)
K=3 W=2.0ec U=0.6U2: f_B=0.241 <r90>=1.84 radii={1: np.float64(0.16269430051813472), 2: np.float64(0.8373056994818653)}  S=1.000 | compact f=0.241 S_c=1.000  (0s)
K=3 W=2.0ec U=0.7U2: f_B=0.348 <r90>=2.63 radii={1: np.float64(0.44045911047345765), 2: np.float64(0.1915351506456241), 3: np.float64(0.0667144906743185), 4: np.float64(0.06599713055954089), 5: np.float64(0.06527977044476327), 6: np.float64(0.17001434720229555)}  S=1.000 | compact f=0.243 S_c=1.000  (0s)
K=3 W=2.0ec U=0.8U2: f_B=0.295 <r90>=2.07 radii={1: np.float64(0.5474576271186441), 2: np.float64(0.09576271186440678), 3: np.float64(0.09745762711864407), 4: np.float64(0.2593220338983051)}  S=1.000 | compact f=0.218 S_c=1.000  (0s)
K=3 W=2.0ec U=0.9U2: f_B=0.228 <r90>=1.85 radii={1: np.float64(0.4687842278203724), 2: np.float64(0.2157721796276013), 3: np.float64(0.3154435925520263)}  S=1.000 | compact f=0.228 S_c=1.000  (0s)
K=3 W=2.0ec U=1.0U2: f_B=0.000 <r90>=nan radii={}  S=0.000 | compact f=0.000 S_c=0.000  (0s)
K=3 W=4.0ec U=0.3U2: f_B=0.030 <r90>=4.64 radii={3: np.float64(0.0743801652892562), 4: np.float64(0.2066115702479339), 5: np.float64(0.71900826446281)}  S=1.000 | compact f=0.002 S_c=1.000  (0s)
K=3 W=4.0ec U=0.4U2: f_B=0.055 <r90>=2.77 radii={2: np.float64(0.22624434389140272), 3: np.float64(0.7737556561085973)}  S=1.000 | compact f=0.055 S_c=1.000  (0s)
K=3 W=4.0ec U=0.5U2: f_B=0.085 <r90>=2.42 radii={1: np.float64(0.04129793510324484), 2: np.float64(0.5014749262536873), 3: np.float64(0.45722713864306785)}  S=1.000 | compact f=0.085 S_c=1.000  (0s)
K=3 W=4.0ec U=0.6U2: f_B=0.121 <r90>=1.84 radii={1: np.float64(0.16356107660455488), 2: np.float64(0.8364389233954451)}  S=1.000 | compact f=0.121 S_c=1.000  (0s)
K=3 W=4.0ec U=0.7U2: f_B=0.174 <r90>=2.63 radii={1: np.float64(0.44045911047345765), 2: np.float64(0.19225251076040173), 3: np.float64(0.06599713055954089), 4: np.float64(0.06599713055954089), 5: np.float64(0.06599713055954089), 6: np.float64(0.16929698708751795)}  S=1.000 | compact f=0.122 S_c=1.000  (0s)
K=3 W=4.0ec U=0.8U2: f_B=0.147 <r90>=2.07 radii={1: np.float64(0.5474576271186441), 2: np.float64(0.09661016949152543), 3: np.float64(0.09661016949152543), 4: np.float64(0.2593220338983051)}  S=1.000 | compact f=0.109 S_c=1.000  (0s)
K=3 W=4.0ec U=0.9U2: f_B=0.114 <r90>=1.85 radii={1: np.float64(0.4692982456140351), 2: np.float64(0.2149122807017544), 3: np.float64(0.3157894736842105)}  S=1.000 | compact f=0.114 S_c=1.000  (0s)
K=3 W=4.0ec U=1.0U2: f_B=0.000 <r90>=nan radii={}  S=0.000 | compact f=0.000 S_c=0.000  (0s)
