K=2 W=0.5ec U=0.3U2: f_B=0.000 <r90>=nan radii={}  S=0.000 | compact f=0.000 S_c=0.000  (0s)
K=2 W=0.5ec U=0.4U2: f_B=0.000 <r90>=nan radii={}  S=0.000 | compact f=0.000 S_c=0.000  (0s)
K=2 W=0.5ec U=0.5U2: f_B=0.000 <r90>=nan radii={}  S=0.000 | compact f=0.000 S_c=0.000  (0s)
K=2 W=0.5ec U=0.6U2: f_B=0.000 <r90>=nan radii={}  S=0.000 | compact f=0.000 S_c=0.000  (0s)
K=2 W=0.5ec U=0.7U2: f_B=0.500 <r90>=6.00 radii={6: np.float64(1.0)}  S=1.000 | compact f=0.000 S_c=0.000  (0s)
K=2 W=0.5ec U=0.8U2: f_B=0.500 <r90>=5.85 radii={5: np.float64(0.149), 6: np.float64(0.851)}  S=1.000 | compact f=0.000 S_c=0.000  (0s)
K=2 W=0.5ec U=0.9U2: f_B=0.500 <r90>=5.60 radii={4: np.float64(0.1205), 5: np.float64(0.155), 6: np.float64(0.7245)}  S=1.000 | compact f=0.000 S_c=0.000  (0s)
K=2 W=0.5ec U=1.0U2: f_B=0.000 <r90>=nan radii={}  S=0.000 | compact f=0.000 S_c=0.000  (0s)
K=2 W=1.0ec U=0.3U2: f_B=0.000 <r90>=nan radii={}  S=0.000 | compact f=0.000 S_c=0.000  (0s)
K=2 W=1.0ec U=0.4U2: f_B=0.000 <r90>=nan radii={}  S=0.000 | compact f=0.000 S_c=0.000  (0s)
K=2 W=1.0ec U=0.5U2: f_B=0.000 <r90>=nan radii={}  S=0.000 | compact f=0.000 S_c=0.000  (0s)
K=2 W=1.0ec U=0.6U2: f_B=0.075 <r90>=5.00 radii={5: np.float64(1.0)}  S=1.000 | compact f=0.000 S_c=0.000  (0s)
K=2 W=1.0ec U=0.7U2: f_B=0.500 <r90>=5.22 radii={4: np.float64(0.303), 5: np.float64(0.173), 6: np.float64(0.524)}  S=1.000 | compact f=0.000 S_c=0.000  (0s)
K=2 W=1.0ec U=0.8U2: f_B=0.500 <r90>=4.52 radii={3: np.float64(0.416), 4: np.float64(0.0775), 5: np.float64(0.081), 6: np.float64(0.4255)}  S=1.000 | compact f=0.208 S_c=1.000  (0s)
K=2 W=1.0ec U=0.9U2: f_B=0.500 <r90>=3.91 radii={2: np.float64(0.4075), 3: np.float64(0.0765), 4: np.float64(0.0765), 5: np.float64(0.0775), 6: np.float64(0.362)}  S=1.000 | compact f=0.242 S_c=1.000  (0s)
K=2 W=1.0ec U=1.0U2: f_B=0.000 <r90>=nan radii={}  S=0.000 | compact f=0.000 S_c=0.000  (0s)
K=2 W=2.0ec U=0.3U2: f_B=0.044 <r90>=5.91 radii={5: np.float64(0.09142857142857143), 6: np.float64(0.9085714285714286)}  S=1.000 | compact f=0.000 S_c=0.000  (0s)
K=2 W=2.0ec U=0.4U2: f_B=0.086 <r90>=5.60 radii={5: np.float64(0.4), 6: np.float64(0.6)}  S=1.000 | compact f=0.000 S_c=0.000  (0s)
K=2 W=2.0ec U=0.5U2: f_B=0.137 <r90>=4.91 radii={4: np.float64(0.3970856102003643), 5: np.float64(0.3005464480874317), 6: np.float64(0.302367941712204)}  S=1.000 | compact f=0.000 S_c=0.000  (0s)
K=2 W=2.0ec U=0.6U2: f_B=0.200 <r90>=4.03 radii={3: np.float64(0.3857677902621723), 4: np.float64(0.1972534332084894), 5: np.float64(0.41697877652933835)}  S=1.000 | compact f=0.077 S_c=1.000  (0s)
K=2 W=2.0ec U=0.7U2: f_B=0.371 <r90>=4.37 radii={2: np.float64(0.1271870794078062), 3: np.float64(0.19515477792732167), 4: np.float64(0.20861372812920592), 5: np.float64(0.11641991924629878), 6: np.float64(0.35262449528936746)}  S=1.000 | compact f=0.120 S_c=1.000  (0s)
K=2 W=2.0ec U=0.8U2: f_B=0.320 <r90>=3.97 radii={2: np.float64(0.209992193598751), 3: np.float64(0.33411397345823574), 4: np.float64(0.06088992974238876), 5: np.float64(0.06323185011709602), 6: np.float64(0.3317720530835285)}  S=1.000 | compact f=0.174 S_c=1.000  (0s)
K=2 W=2.0ec U=0.9U2: f_B=0.254 <r90>=3.88 radii={2: np.float64(0.41789577187807275), 3: np.float64(0.07472959685349066), 4: np.float64(0.07571288102261553), 5: np.float64(0.07571288102261553), 6: np.float64(0.3559488692232055)}  S=1.000 | compact f=0.125 S_c=1.000  (0s)
K=2 W=2.0ec U=1.0U2: f_B=0.000 <r90>=nan radii={}  S=0.000 | compact f=0.000 S_c=0.000  (0s)
K=2 W=4.0ec U=0.3U2: f_B=0.022 <r90>=5.91 radii={5: np.float64(0.09195402298850575), 6: np.float64(0.9080459770114943)}  S=1.000 | compact f=0.000 S_c=0.000  (0s)
K=2 W=4.0ec U=0.4U2: f_B=0.043 <r90>=5.60 radii={5: np.float64(0.3988439306358382), 6: np.float64(0.6011560693641619)}  S=1.000 | compact f=0.000 S_c=0.000  (0s)
K=2 W=4.0ec U=0.5U2: f_B=0.069 <r90>=4.91 radii={4: np.float64(0.39636363636363636), 5: np.float64(0.3018181818181818), 6: np.float64(0.3018181818181818)}  S=1.000 | compact f=0.000 S_c=0.000  (0s)
K=2 W=4.0ec U=0.6U2: f_B=0.100 <r90>=4.03 radii={3: np.float64(0.385), 4: np.float64(0.1975), 5: np.float64(0.4175)}  S=1.000 | compact f=0.038 S_c=1.000  (0s)
K=2 W=4.0ec U=0.7U2: f_B=0.186 <r90>=4.37 radii={2: np.float64(0.1278600269179004), 3: np.float64(0.19515477792732167), 4: np.float64(0.20861372812920592), 5: np.float64(0.11574697173620457), 6: np.float64(0.35262449528936746)}  S=1.000 | compact f=0.060 S_c=1.000  (0s)
K=2 W=4.0ec U=0.8U2: f_B=0.160 <r90>=3.97 radii={2: np.float64(0.209375), 3: np.float64(0.334375), 4: np.float64(0.0609375), 5: np.float64(0.0640625), 6: np.float64(0.33125)}  S=1.000 | compact f=0.087 S_c=1.000  (0s)
K=2 W=4.0ec U=0.9U2: f_B=0.127 <r90>=3.88 radii={2: np.float64(0.41732283464566927), 3: np.float64(0.07480314960629922), 4: np.float64(0.07677165354330709), 5: np.float64(0.07480314960629922), 6: np.float64(0.3562992125984252)}  S=1.000 | compact f=0.062 S_c=0.999  (0s)
K=2 W=4.0ec U=1.0U2: f_B=0.000 <r90>=nan radii={}  S=0.000 | compact f=0.000 S_c=0.000  (0s)
