K=2 L=40: 595437 states (81s)
K=2 eps0=-0.10ec U=1.432 (x=0.1): E-edge=-0.0303  rho(0..4)=[0.171 0.359 0.405 0.406 0.378]  r90=8 r99=12
K=2 eps0=-0.10ec U=1.673 (x=0.5): E-edge=-0.2229  rho(0..4)=[0.232 0.445 0.453 0.418 0.364]  r90=8 r99=11
K=2 eps0=-0.10ec U=1.913 (x=0.9): E-edge=-0.5005  rho(0..4)=[0.305 0.532 0.491 0.418 0.342]  r90=7 r99=11
K=2 eps0=-0.30ec U=1.351 (x=0.1): E-edge=-0.0342  rho(0..4)=[0.531 0.804 0.614 0.412 0.259]  r90=5 r99=9
K=2 eps0=-0.30ec U=1.619 (x=0.5): E-edge=-0.2503  rho(0..4)=[0.872 1.033 0.585 0.286 0.129]  r90=3 r99=6
K=2 eps0=-0.30ec U=1.886 (x=0.9): E-edge=-0.5762  rho(0..4)=[1.196 1.089 0.463 0.169 0.057]  r90=2 r99=4
K=2 eps0=-0.50ec U=1.184 (x=0.1): E-edge=-0.0295  rho(0..4)=[0.656 0.852 0.581 0.362 0.218]  r90=5 r99=9
K=2 eps0=-0.50ec U=1.453 (x=0.5): E-edge=-0.2279  rho(0..4)=[1.092 1.054 0.501 0.212 0.086]  r90=3 r99=5
K=2 eps0=-0.50ec U=1.722 (x=0.9): E-edge=-0.5411  rho(0..4)=[1.473 1.036 0.348 0.103 0.029]  r90=2 r99=4
K=2 eps0=-0.70ec U=0.951 (x=0.1): E-edge=-0.0183  rho(0..4)=[0.612 0.77  0.544 0.363 0.238]  r90=6 r99=11
K=2 eps0=-0.70ec U=1.185 (x=0.5): E-edge=-0.1495  rho(0..4)=[1.025 0.999 0.514 0.245 0.115]  r90=3 r99=6
K=2 eps0=-0.70ec U=1.418 (x=0.9): E-edge=-0.3676  rho(0..4)=[1.386 1.025 0.386 0.134 0.046]  r90=2 r99=4
K=2 eps0=-0.80ec U=0.805 (x=0.1): E-edge=-0.0115  rho(0..4)=[0.538 0.689 0.513 0.367 0.259]  r90=7 r99=13
K=2 eps0=-0.80ec U=1.007 (x=0.5): E-edge=-0.0987  rho(0..4)=[0.899 0.937 0.537 0.291 0.155]  r90=4 r99=7
K=2 eps0=-0.80ec U=1.208 (x=0.9): E-edge=-0.2487  rho(0..4)=[1.224 1.016 0.448 0.185 0.075]  r90=3 r99=5
K=2 eps0=-0.90ec U=0.624 (x=0.1): E-edge=-0.0045  rho(0..4)=[0.431 0.572 0.46  0.359 0.277]  r90=8 r99=16
K=2 eps0=-0.90ec U=0.780 (x=0.5): E-edge=-0.0466  rho(0..4)=[0.688 0.798 0.538 0.348 0.223]  r90=5 r99=11
K=2 eps0=-0.90ec U=0.935 (x=0.9): E-edge=-0.1215  rho(0..4)=[0.946 0.941 0.525 0.278 0.146]  r90=4 r99=7
K=2 eps0=-0.95ec U=0.510 (x=0.1): E-edge=-0.0011  rho(0..4)=[0.369 0.5   0.421 0.345 0.28 ]  r90=10 r99=17
K=2 eps0=-0.95ec U=0.630 (x=0.5): E-edge=-0.0227  rho(0..4)=[0.532 0.664 0.499 0.363 0.262]  r90=7 r99=14
K=2 eps0=-0.95ec U=0.750 (x=0.9): E-edge=-0.0601  rho(0..4)=[0.727 0.818 0.538 0.34  0.213]  r90=5 r99=10
