K=3 L=36: 382753 states (46s)
K=3 eps0=-0.10ec U=2.264 (x=0.1): E-edge=-0.1102  rho(0..4)=[0.428 0.664 0.573 0.44  0.319]  r90=6 r99=9
K=3 eps0=-0.10ec U=2.705 (x=0.5): E-edge=-0.7472  rho(0..4)=[0.872 0.93  0.558 0.306 0.163]  r90=4 r99=7
K=3 eps0=-0.10ec U=3.146 (x=0.9): E-edge=-1.5969  rho(0..4)=[1.362 0.985 0.406 0.155 0.058]  r90=2 r99=5
K=3 eps0=-0.30ec U=2.085 (x=0.1): E-edge=-0.1264  rho(0..4)=[1.274 0.995 0.435 0.176 0.07 ]  r90=2 r99=5
K=3 eps0=-0.30ec U=2.579 (x=0.5): E-edge=-0.8885  rho(0..4)=[1.975 0.8   0.179 0.037 0.007]  r90=1 r99=3
K=3 eps0=-0.30ec U=3.074 (x=0.9): E-edge=-1.9100  rho(0..4)=[2.363e+00 5.540e-01 7.300e-02 9.000e-03 1.000e-03]  r90=1 r99=2
K=3 eps0=-0.50ec U=1.783 (x=0.1): E-edge=-0.1042  rho(0..4)=[1.344 0.939 0.406 0.172 0.075]  r90=3 r99=5
K=3 eps0=-0.50ec U=2.253 (x=0.5): E-edge=-0.7684  rho(0..4)=[2.038 0.747 0.167 0.037 0.008]  r90=1 r99=3
K=3 eps0=-0.50ec U=2.723 (x=0.9): E-edge=-1.6914  rho(0..4)=[2.4e+00 5.2e-01 7.0e-02 9.0e-03 1.0e-03]  r90=1 r99=2
K=3 eps0=-0.70ec U=1.405 (x=0.1): E-edge=-0.0610  rho(0..4)=[1.152 0.893 0.456 0.233 0.122]  r90=3 r99=7
K=3 eps0=-0.70ec U=1.790 (x=0.5): E-edge=-0.4846  rho(0..4)=[1.821 0.831 0.245 0.072 0.022]  r90=2 r99=4
K=3 eps0=-0.70ec U=2.175 (x=0.9): E-edge=-1.1218  rho(0..4)=[2.215 0.638 0.119 0.022 0.004]  r90=1 r99=2
K=3 eps0=-0.80ec U=1.179 (x=0.1): E-edge=-0.0373  rho(0..4)=[0.969 0.833 0.484 0.282 0.167]  r90=4 r99=9
K=3 eps0=-0.80ec U=1.502 (x=0.5): E-edge=-0.3149  rho(0..4)=[1.596 0.888 0.325 0.119 0.044]  r90=2 r99=4
K=3 eps0=-0.80ec U=1.826 (x=0.9): E-edge=-0.7606  rho(0..4)=[2.008 0.748 0.183 0.045 0.011]  r90=1 r99=3
K=3 eps0=-0.90ec U=0.904 (x=0.1): E-edge=-0.0150  rho(0..4)=[0.71  0.702 0.483 0.331 0.23 ]  r90=6 r99=12
K=3 eps0=-0.90ec U=1.146 (x=0.5): E-edge=-0.1434  rho(0..4)=[1.218 0.894 0.443 0.219 0.11 ]  r90=3 r99=7
K=3 eps0=-0.90ec U=1.389 (x=0.9): E-edge=-0.3713  rho(0..4)=[1.618 0.879 0.319 0.116 0.043]  r90=2 r99=4
K=3 eps0=-0.95ec U=0.726 (x=0.1): E-edge=-0.0050  rho(0..4)=[0.551 0.594 0.452 0.343 0.26 ]  r90=8 r99=15
K=3 eps0=-0.95ec U=0.912 (x=0.5): E-edge=-0.0649  rho(0..4)=[0.909 0.804 0.492 0.3   0.185]  r90=5 r99=10
K=3 eps0=-0.95ec U=1.097 (x=0.9): E-edge=-0.1778  rho(0..4)=[1.257 0.896 0.434 0.209 0.102]  r90=3 r99=6
