
=== K=2 (z=3): pair threshold U2 = 1.41421, 3-body edge -8.48528
  L=60: U3 <= 1.3103   (5s)
  L=120: U3 <= 1.3103   (48s)
  L=180: U3 <= 1.3103   (282s)
  U      E3(L=120)     edge3      E2+edge1     bound?   E3_anti21
  0.50    -8.47539   -8.48528    -8.48528   -       -8.46874
  1.00    -8.47545   -8.48528    -8.48528   -       -8.46884
  1.50    -8.59403   -8.48528    -8.48643   T       -8.46923
  2.00    -9.13403   -8.48528    -8.53663   T       -8.48774
  2.50    -9.96384   -8.48528    -8.65391   T       -8.59662
  3.00   -10.99668   -8.48528    -8.82843   T       -8.76970
  3.50   -12.16402   -8.48528    -9.05104   T       -8.99315
  4.00   -13.41981   -8.48528    -9.31371   T       -9.25766
  4.50   -14.73493   -8.48528    -9.60962   T       -9.55583
  5.00   -16.09100   -8.48528    -9.93311   T       -9.88174
  5.50   -17.47620   -8.48528   -10.27953   T      -10.23058
  6.00   -18.88274   -8.48528   -10.64508   T      -10.59847

=== K=3 (z=4): pair threshold U2 = 2.30940, 3-body edge -10.39230
  L=60: U3 <= 2.0724   (6s)
  L=120: U3 <= 2.0724   (52s)
  L=180: U3 <= 2.0724   (906s)
  U      E3(L=120)     edge3      E2+edge1     bound?   E3_anti21
  0.50   -10.37905  -10.39230   -10.39230   -      -10.37021
  1.00   -10.37906  -10.39230   -10.39230   -      -10.37023
  1.50   -10.37907  -10.39230   -10.39230   -      -10.37024
  2.00   -10.37909  -10.39230   -10.39230   -      -10.37028
  2.50   -10.87013  -10.39230   -10.39808   T      -10.37037
  3.00   -11.71269  -10.39230   -10.46410   T      -10.37105
  3.50   -12.75049  -10.39230   -10.59425   T      -10.45156
  4.00   -13.91414  -10.39230   -10.77781   T      -10.62811
  4.50   -15.16112  -10.39230   -11.00570   T      -10.85624
  5.00   -16.46508  -10.39230   -11.27035   T      -11.12419
  5.50   -17.80930  -10.39230   -11.56557   T      -11.42412
  6.00   -19.18282  -10.39230   -11.88631   T      -11.75017

[exited with code 0]
